Gnuplot not found, using plotters backend
Benchmarking tui_250_records_500_notes/selected_scope_navigation
Benchmarking tui_250_records_500_notes/selected_scope_navigation: Warming up for 1.0000 s
Benchmarking tui_250_records_500_notes/selected_scope_navigation: Collecting 10 samples in estimated 2.0146 s (2365 iterations)
Benchmarking tui_250_records_500_notes/selected_scope_navigation: Analyzing
tui_250_records_500_notes/selected_scope_navigation
                        time:   [848.64 µs 849.68 µs 851.20 µs]
                        change: [−23.460% −22.701% −21.941%] (p = 0.00 < 0.05)
                        Performance has improved.
Benchmarking tui_250_records_500_notes/list_scroll_20_frames
Benchmarking tui_250_records_500_notes/list_scroll_20_frames: Warming up for 1.0000 s
Benchmarking tui_250_records_500_notes/list_scroll_20_frames: Collecting 10 samples in estimated 2.0913 s (330 iterations)
Benchmarking tui_250_records_500_notes/list_scroll_20_frames: Analyzing
tui_250_records_500_notes/list_scroll_20_frames
                        time:   [6.3524 ms 6.3671 ms 6.3759 ms]
                        change: [−43.240% −42.740% −42.378%] (p = 0.00 < 0.05)
                        Performance has improved.
Benchmarking tui_250_records_500_notes/detail_scroll_20_frames
Benchmarking tui_250_records_500_notes/detail_scroll_20_frames: Warming up for 1.0000 s
Benchmarking tui_250_records_500_notes/detail_scroll_20_frames: Collecting 10 samples in estimated 2.2481 s (385 iterations)
Benchmarking tui_250_records_500_notes/detail_scroll_20_frames: Analyzing
tui_250_records_500_notes/detail_scroll_20_frames
                        time:   [5.8463 ms 5.8839 ms 5.9481 ms]
                        change: [−45.511% −45.183% −44.819%] (p = 0.00 < 0.05)
                        Performance has improved.
Found 1 outliers among 10 measurements (10.00%)
  1 (10.00%) high severe

