Gnuplot not found, using plotters backend
Benchmarking priority_single_record_250_records_500_notes/preview
Benchmarking priority_single_record_250_records_500_notes/preview: Warming up for 1.0000 s

Warning: Unable to complete 10 samples in 2.0s. You may wish to increase target time to 3.8s or enable flat sampling.
Benchmarking priority_single_record_250_records_500_notes/preview: Collecting 10 samples in estimated 3.8400 s (55 iterations)
Benchmarking priority_single_record_250_records_500_notes/preview: Analyzing
priority_single_record_250_records_500_notes/preview
                        time:   [28.061 ms 28.832 ms 30.146 ms]
                        change: [−8.9681% +18.488% +60.250%] (p = 0.52 > 0.05)
                        No change in performance detected.
Found 2 outliers among 10 measurements (20.00%)
  2 (20.00%) high severe
Benchmarking priority_single_record_250_records_500_notes/apply
Benchmarking priority_single_record_250_records_500_notes/apply: Warming up for 1.0000 s

Warning: Unable to complete 10 samples in 2.0s. You may wish to increase target time to 3.1s or enable flat sampling.
Benchmarking priority_single_record_250_records_500_notes/apply: Collecting 10 samples in estimated 3.1203 s (55 iterations)
Benchmarking priority_single_record_250_records_500_notes/apply: Analyzing
priority_single_record_250_records_500_notes/apply
                        time:   [28.417 ms 32.232 ms 35.267 ms]
                        change: [−8.7136% −2.5187% +5.3004%] (p = 0.53 > 0.05)
                        No change in performance detected.
Found 1 outliers among 10 measurements (10.00%)
  1 (10.00%) high mild
