Gnuplot not found, using plotters backend
Benchmarking tui_250_records_500_notes/selected_scope_navigation
Benchmarking tui_250_records_500_notes/selected_scope_navigation: Warming up for 1.0000 s
Benchmarking tui_250_records_500_notes/selected_scope_navigation: Collecting 10 samples in estimated 2.0172 s (2365 iterations)
Benchmarking tui_250_records_500_notes/selected_scope_navigation: Analyzing
tui_250_records_500_notes/selected_scope_navigation
                        time:   [850.50 µs 853.47 µs 855.73 µs]
                        change: [−23.303% −22.550% −21.780%] (p = 0.00 < 0.05)
                        Performance has improved.
Benchmarking tui_250_records_500_notes/list_scroll_20_frames
Benchmarking tui_250_records_500_notes/list_scroll_20_frames: Warming up for 1.0000 s
Benchmarking tui_250_records_500_notes/list_scroll_20_frames: Collecting 10 samples in estimated 2.1079 s (330 iterations)
Benchmarking tui_250_records_500_notes/list_scroll_20_frames: Analyzing
tui_250_records_500_notes/list_scroll_20_frames
                        time:   [6.3491 ms 6.3568 ms 6.3692 ms]
                        change: [−43.300% −42.787% −42.413%] (p = 0.00 < 0.05)
                        Performance has improved.
Benchmarking tui_250_records_500_notes/detail_scroll_20_frames
Benchmarking tui_250_records_500_notes/detail_scroll_20_frames: Warming up for 1.0000 s
Benchmarking tui_250_records_500_notes/detail_scroll_20_frames: Collecting 10 samples in estimated 2.2902 s (385 iterations)
Benchmarking tui_250_records_500_notes/detail_scroll_20_frames: Analyzing
tui_250_records_500_notes/detail_scroll_20_frames
                        time:   [5.9559 ms 5.9663 ms 5.9735 ms]
                        change: [−44.539% −44.305% −44.069%] (p = 0.00 < 0.05)
                        Performance has improved.

