Gnuplot not found, using plotters backend
Benchmarking http_loopback_records/unchanged/250
Benchmarking http_loopback_records/unchanged/250: Warming up for 1.0000 s

Warning: Unable to complete 10 samples in 2.0s. You may wish to increase target time to 2.6s or enable flat sampling.
Benchmarking http_loopback_records/unchanged/250: Collecting 10 samples in estimated 2.6404 s (55 iterations)
Benchmarking http_loopback_records/unchanged/250: Analyzing
http_loopback_records/unchanged/250
                        time:   [46.260 ms 47.267 ms 49.647 ms]
Found 1 outliers among 10 measurements (10.00%)
  1 (10.00%) high severe
Benchmarking http_loopback_records/search_hit/250
Benchmarking http_loopback_records/search_hit/250: Warming up for 1.0000 s

Warning: Unable to complete 10 samples in 2.0s. You may wish to increase target time to 2.5s or enable flat sampling.
Benchmarking http_loopback_records/search_hit/250: Collecting 10 samples in estimated 2.5353 s (55 iterations)
Benchmarking http_loopback_records/search_hit/250: Analyzing
http_loopback_records/search_hit/250
                        time:   [44.387 ms 45.007 ms 45.694 ms]
Benchmarking http_loopback_records/search_miss/250
Benchmarking http_loopback_records/search_miss/250: Warming up for 1.0000 s

Warning: Unable to complete 10 samples in 2.0s. You may wish to increase target time to 2.5s or enable flat sampling.
Benchmarking http_loopback_records/search_miss/250: Collecting 10 samples in estimated 2.4510 s (55 iterations)
Benchmarking http_loopback_records/search_miss/250: Analyzing
http_loopback_records/search_miss/250
                        time:   [43.804 ms 44.356 ms 45.005 ms]
Found 1 outliers among 10 measurements (10.00%)
  1 (10.00%) high mild
Benchmarking http_loopback_records/unchanged/1000
Benchmarking http_loopback_records/unchanged/1000: Warming up for 1.0000 s
Benchmarking http_loopback_records/unchanged/1000: Collecting 10 samples in estimated 3.1237 s (20 iterations)
Benchmarking http_loopback_records/unchanged/1000: Analyzing
http_loopback_records/unchanged/1000
                        time:   [152.03 ms 153.49 ms 155.14 ms]
Benchmarking http_loopback_records/search_hit/1000
Benchmarking http_loopback_records/search_hit/1000: Warming up for 1.0000 s
Benchmarking http_loopback_records/search_hit/1000: Collecting 10 samples in estimated 3.1618 s (20 iterations)
Benchmarking http_loopback_records/search_hit/1000: Analyzing
http_loopback_records/search_hit/1000
                        time:   [147.39 ms 150.25 ms 153.70 ms]
Found 2 outliers among 10 measurements (20.00%)
  2 (20.00%) high mild
Benchmarking http_loopback_records/search_miss/1000
Benchmarking http_loopback_records/search_miss/1000: Warming up for 1.0000 s
Benchmarking http_loopback_records/search_miss/1000: Collecting 10 samples in estimated 3.1751 s (20 iterations)
Benchmarking http_loopback_records/search_miss/1000: Analyzing
http_loopback_records/search_miss/1000
                        time:   [152.08 ms 154.92 ms 158.88 ms]
Found 2 outliers among 10 measurements (20.00%)
  1 (10.00%) high mild
  1 (10.00%) high severe
