Gnuplot not found, using plotters backend
Benchmarking http_loopback_records/unchanged/250
Benchmarking http_loopback_records/unchanged/250: Warming up for 1.0000 s
Benchmarking http_loopback_records/unchanged/250: Collecting 10 samples in estimated 2.0787 s (110 iterations)
Benchmarking http_loopback_records/unchanged/250: Analyzing
http_loopback_records/unchanged/250
                        time:   [18.075 ms 18.552 ms 19.138 ms]
                        change: [−62.810% −60.850% −59.317%] (p = 0.00 < 0.05)
                        Performance has improved.
Benchmarking http_loopback_records/search_hit/250
Benchmarking http_loopback_records/search_hit/250: Warming up for 1.0000 s
Benchmarking http_loopback_records/search_hit/250: Collecting 10 samples in estimated 2.1018 s (275 iterations)
Benchmarking http_loopback_records/search_hit/250: Analyzing
http_loopback_records/search_hit/250
                        time:   [7.5188 ms 7.5973 ms 7.7115 ms]
                        change: [−83.319% −82.996% −82.658%] (p = 0.00 < 0.05)
                        Performance has improved.
Benchmarking http_loopback_records/search_miss/250
Benchmarking http_loopback_records/search_miss/250: Warming up for 1.0000 s
Benchmarking http_loopback_records/search_miss/250: Collecting 10 samples in estimated 2.0851 s (275 iterations)
Benchmarking http_loopback_records/search_miss/250: Analyzing
http_loopback_records/search_miss/250
                        time:   [7.5857 ms 7.6493 ms 7.7147 ms]
                        change: [−83.460% −83.027% −82.650%] (p = 0.00 < 0.05)
                        Performance has improved.
Benchmarking http_loopback_records/unchanged/1000
Benchmarking http_loopback_records/unchanged/1000: Warming up for 1.0000 s

Warning: Unable to complete 10 samples in 2.0s. You may wish to increase target time to 3.6s or enable flat sampling.
Benchmarking http_loopback_records/unchanged/1000: Collecting 10 samples in estimated 3.6289 s (55 iterations)
Benchmarking http_loopback_records/unchanged/1000: Analyzing
http_loopback_records/unchanged/1000
                        time:   [65.214 ms 65.923 ms 67.181 ms]
                        change: [−57.953% −56.950% −55.599%] (p = 0.00 < 0.05)
                        Performance has improved.
Found 1 outliers among 10 measurements (10.00%)
  1 (10.00%) high severe
Benchmarking http_loopback_records/search_hit/1000
Benchmarking http_loopback_records/search_hit/1000: Warming up for 1.0000 s
Benchmarking http_loopback_records/search_hit/1000: Collecting 10 samples in estimated 2.7922 s (110 iterations)
Benchmarking http_loopback_records/search_hit/1000: Analyzing
http_loopback_records/search_hit/1000
                        time:   [25.027 ms 25.332 ms 25.699 ms]
                        change: [−83.495% −83.068% −82.692%] (p = 0.00 < 0.05)
                        Performance has improved.
Benchmarking http_loopback_records/search_miss/1000
Benchmarking http_loopback_records/search_miss/1000: Warming up for 1.0000 s
Benchmarking http_loopback_records/search_miss/1000: Collecting 10 samples in estimated 2.7936 s (110 iterations)
Benchmarking http_loopback_records/search_miss/1000: Analyzing
http_loopback_records/search_miss/1000
                        time:   [25.151 ms 25.649 ms 25.927 ms]
                        change: [−84.008% −83.560% −83.187%] (p = 0.00 < 0.05)
                        Performance has improved.
